sonya@sonya-laptop:~$ psql -U postgres -d postgres -p 5432
psql (14.18 (Ubuntu 14.18-0ubuntu0.22.04.1))
Type "help" for help.

postgres=# CREATE TABLE students (
    student_id INTEGER PRIMARY KEY,
    name VARCHAR(100),
    email VARCHAR(150)
);
CREATE TABLE
postgres=# DROP TABLE students;
DROP TABLE
postgres=# CREATE TABLE students (
    student_id INTEGER,
    name VARCHAR(100),
    email VARCHAR(150),
    PRIMARY KEY (student_id)
);
CREATE TABLE
postgres=# DROP TABLE students;
DROP TABLE
postgres=# CREATE TABLE students (
    student_id INTEGER,
    name VARCHAR(100),
    email VARCHAR(150),
    CONSTRAINT pk_students PRIMARY KEY (student_id)
);
CREATE TABLE
postgres=# DROP TABLE students;
DROP TABLE
postgres=# CREATE TABLE students (
    student_id INTEGER,
    name VARCHAR(100),
    email VARCHAR(150) 
);
CREATE TABLE
postgres=# ALTER TABLE students ADD CONSTRAINT pk_students PRIMARY KEY (student_id);
ALTER TABLE
postgres=# DROP TABLE students;
DROP TABLE
postgres=# CREATE TABLE students (
    student_id SERIAL PRIMARY KEY,
    name VARCHAR(100) NOT NULL,
    email VARCHAR(150) UNIQUE,
    faculty VARCHAR(50)
);
CREATE TABLE
postgres=# INSERT INTO students (name, email, faculty) VALUES
('Alice Johnson', 'alice@alatoo.edu.kg', 'Computer Science'),
('Bob Smith', 'bob@alatoo.edu.kg', 'Mathematics'),
('Carol Davis', 'carol@alatoo.edu.kg', 'Computer Science');
INSERT 0 3
postgres=# DROP TABLE students;
DROP TABLE
postgres=# CREATE TABLE course_enrollments (
    student_id INTEGER,
    course_id INTEGER,
    semester VARCHAR(20),
    enrollment_date DATE DEFAULT CURRENT_DATE,
    grade CHAR(2),
    PRIMARY KEY (student_id, course_id, semester)
);
CREATE TABLE
postgres=# INSERT INTO course_enrollments (student_id, course_id, semester, grade) VALUES
(1, 101, '2024-Spring', 'A'),
(1, 102, '2024-Spring', 'B+'),
(2, 101, '2024-Spring', 'A-'),
(1, 101, '2024-Fall', 'A+'); 
INSERT 0 4
postgres=# CREATE TABLE products (
    product_id SERIAL PRIMARY KEY,
    product_name VARCHAR(100) NOT NULL,
    price DECIMAL(10,2)
);
CREATE TABLE
postgres=# CREATE TABLE transactions (
    transaction_id BIGSERIAL PRIMARY KEY,  -- Can handle very large numbers
    amount DECIMAL(15,2),
    transaction_date TIMESTAMP DEFAULT CURRENT_TIMESTAMP
);
CREATE TABLE
postgres=# CREATE TABLE orders (
    order_id INTEGER GENERATED ALWAYS AS IDENTITY PRIMARY KEY,
    customer_name VARCHAR(100),
    order_date DATE DEFAULT CURRENT_DATE
);
CREATE TABLE
postgres=# CREATE TABLE customers (
    customer_id INTEGER GENERATED BY DEFAULT AS IDENTITY PRIMARY KEY,
    customer_name VARCHAR(100),
    email VARCHAR(150)
);
CREATE TABLE
postgres=# INSERT INTO customers (customer_id, customer_name, email) 
VALUES (1000, 'VIP Customer', 'vip@example.com');
INSERT 0 1
postgres=# CREATE TABLE departments (
    dept_id INTEGER PRIMARY KEY,
    dept_name VARCHAR(100)
);
CREATE TABLE
postgres=# INSERT INTO departments VALUES (1, 'Computer Science');
INSERT INTO departments VALUES (1, 'Mathematics');
INSERT 0 1
ERROR:  duplicate key value violates unique constraint "departments_pkey"
DETAIL:  Key (dept_id)=(1) already exists.
postgres=# INSERT INTO departments VALUES (NULL, 'Physics');
ERROR:  null value in column "dept_id" of relation "departments" violates not-null constraint
DETAIL:  Failing row contains (null, Physics).
postgres=# \q